// Jest Snapshot v1, https://goo.gl/fbAQLP

exports[`Product card component test should be render correctly 1`] = `
Object {
  "asFragment": [Function],
  "baseElement": <body>
    <div>
      <div
        class="productCardContainer"
      >
        <div
          class="imageContainer"
        >
          <img
            class="image"
          />
        </div>
        <div
          class="productProperties"
        >
          <div>
            <p
              class="productTitle"
            />
            <p
              class="productbrand"
            >
              <span>
                Marka: 
              </span>
            </p>
            <p
              class="productColor"
            >
              <span>
                Renk: 
              </span>
            </p>
            <p
              class="discountedPrice"
            >
              NaN
              TL
            </p>
          </div>
          <div
            class="prevPriceContainer"
          >
            <span
              class="prevPrice"
            >
              NaN
               TL
            </span>
            <span
              class="discountRate"
            >
              %
            </span>
          </div>
          <div
            class="productCartButton"
          >
            <button
              class="buttonContainer orange undefined"
            >
              <span>
                Sepete Ekle
              </span>
            </button>
          </div>
        </div>
      </div>
    </div>
  </body>,
  "container": <div>
    <div
      class="productCardContainer"
    >
      <div
        class="imageContainer"
      >
        <img
          class="image"
        />
      </div>
      <div
        class="productProperties"
      >
        <div>
          <p
            class="productTitle"
          />
          <p
            class="productbrand"
          >
            <span>
              Marka: 
            </span>
          </p>
          <p
            class="productColor"
          >
            <span>
              Renk: 
            </span>
          </p>
          <p
            class="discountedPrice"
          >
            NaN
            TL
          </p>
        </div>
        <div
          class="prevPriceContainer"
        >
          <span
            class="prevPrice"
          >
            NaN
             TL
          </span>
          <span
            class="discountRate"
          >
            %
          </span>
        </div>
        <div
          class="productCartButton"
        >
          <button
            class="buttonContainer orange undefined"
          >
            <span>
              Sepete Ekle
            </span>
          </button>
        </div>
      </div>
    </div>
  </div>,
  "debug": [Function],
  "findAllByAltText": [Function],
  "findAllByDisplayValue": [Function],
  "findAllByLabelText": [Function],
  "findAllByPlaceholderText": [Function],
  "findAllByRole": [Function],
  "findAllByTestId": [Function],
  "findAllByText": [Function],
  "findAllByTitle": [Function],
  "findByAltText": [Function],
  "findByDisplayValue": [Function],
  "findByLabelText": [Function],
  "findByPlaceholderText": [Function],
  "findByRole": [Function],
  "findByTestId": [Function],
  "findByText": [Function],
  "findByTitle": [Function],
  "getAllByAltText": [Function],
  "getAllByDisplayValue": [Function],
  "getAllByLabelText": [Function],
  "getAllByPlaceholderText": [Function],
  "getAllByRole": [Function],
  "getAllByTestId": [Function],
  "getAllByText": [Function],
  "getAllByTitle": [Function],
  "getByAltText": [Function],
  "getByDisplayValue": [Function],
  "getByLabelText": [Function],
  "getByPlaceholderText": [Function],
  "getByRole": [Function],
  "getByTestId": [Function],
  "getByText": [Function],
  "getByTitle": [Function],
  "queryAllByAltText": [Function],
  "queryAllByDisplayValue": [Function],
  "queryAllByLabelText": [Function],
  "queryAllByPlaceholderText": [Function],
  "queryAllByRole": [Function],
  "queryAllByTestId": [Function],
  "queryAllByText": [Function],
  "queryAllByTitle": [Function],
  "queryByAltText": [Function],
  "queryByDisplayValue": [Function],
  "queryByLabelText": [Function],
  "queryByPlaceholderText": [Function],
  "queryByRole": [Function],
  "queryByTestId": [Function],
  "queryByText": [Function],
  "queryByTitle": [Function],
  "rerender": [Function],
  "unmount": [Function],
}
`;
