// Jest Snapshot v1, https://goo.gl/fbAQLP

exports[`Product context test should be render correctly 1`] = `
Object {
  "asFragment": [Function],
  "baseElement": <body>
    <div>
      <div>
        <div
          class="productListContainer"
        />
        <div>
          <div
            class="PaginationContainer"
          >
            <span
              class="arrowButton FirstArrow"
            >
              &lt;&lt;
            </span>
            <span
              class="arrowButton"
            >
              &lt;
            </span>
            <ul
              class="PaginationList"
            >
              <li
                class="activeNumber"
              >
                <span
                  class="numberButton"
                >
                  1
                </span>
              </li>
            </ul>
            <span
              class="arrowButton"
            >
              &gt;
            </span>
            <span
              class="arrowButton LastArrow"
            >
              &gt;&gt;
            </span>
          </div>
        </div>
      </div>
    </div>
  </body>,
  "container": <div>
    <div>
      <div
        class="productListContainer"
      />
      <div>
        <div
          class="PaginationContainer"
        >
          <span
            class="arrowButton FirstArrow"
          >
            &lt;&lt;
          </span>
          <span
            class="arrowButton"
          >
            &lt;
          </span>
          <ul
            class="PaginationList"
          >
            <li
              class="activeNumber"
            >
              <span
                class="numberButton"
              >
                1
              </span>
            </li>
          </ul>
          <span
            class="arrowButton"
          >
            &gt;
          </span>
          <span
            class="arrowButton LastArrow"
          >
            &gt;&gt;
          </span>
        </div>
      </div>
    </div>
  </div>,
  "debug": [Function],
  "findAllByAltText": [Function],
  "findAllByDisplayValue": [Function],
  "findAllByLabelText": [Function],
  "findAllByPlaceholderText": [Function],
  "findAllByRole": [Function],
  "findAllByTestId": [Function],
  "findAllByText": [Function],
  "findAllByTitle": [Function],
  "findByAltText": [Function],
  "findByDisplayValue": [Function],
  "findByLabelText": [Function],
  "findByPlaceholderText": [Function],
  "findByRole": [Function],
  "findByTestId": [Function],
  "findByText": [Function],
  "findByTitle": [Function],
  "getAllByAltText": [Function],
  "getAllByDisplayValue": [Function],
  "getAllByLabelText": [Function],
  "getAllByPlaceholderText": [Function],
  "getAllByRole": [Function],
  "getAllByTestId": [Function],
  "getAllByText": [Function],
  "getAllByTitle": [Function],
  "getByAltText": [Function],
  "getByDisplayValue": [Function],
  "getByLabelText": [Function],
  "getByPlaceholderText": [Function],
  "getByRole": [Function],
  "getByTestId": [Function],
  "getByText": [Function],
  "getByTitle": [Function],
  "queryAllByAltText": [Function],
  "queryAllByDisplayValue": [Function],
  "queryAllByLabelText": [Function],
  "queryAllByPlaceholderText": [Function],
  "queryAllByRole": [Function],
  "queryAllByTestId": [Function],
  "queryAllByText": [Function],
  "queryAllByTitle": [Function],
  "queryByAltText": [Function],
  "queryByDisplayValue": [Function],
  "queryByLabelText": [Function],
  "queryByPlaceholderText": [Function],
  "queryByRole": [Function],
  "queryByTestId": [Function],
  "queryByText": [Function],
  "queryByTitle": [Function],
  "rerender": [Function],
  "unmount": [Function],
}
`;

exports[`product context should be rendered should be rendered products list 1`] = `
Object {
  "asFragment": [Function],
  "baseElement": <body>
    <div>
      <div>
        <div
          class="productListContainer"
        />
        <div>
          <div
            class="PaginationContainer"
          >
            <span
              class="arrowButton FirstArrow"
            >
              &lt;&lt;
            </span>
            <span
              class="arrowButton"
            >
              &lt;
            </span>
            <ul
              class="PaginationList"
            >
              <li
                class="activeNumber"
              >
                <span
                  class="numberButton"
                >
                  1
                </span>
              </li>
            </ul>
            <span
              class="arrowButton"
            >
              &gt;
            </span>
            <span
              class="arrowButton LastArrow"
            >
              &gt;&gt;
            </span>
          </div>
        </div>
      </div>
    </div>
  </body>,
  "container": <div>
    <div>
      <div
        class="productListContainer"
      />
      <div>
        <div
          class="PaginationContainer"
        >
          <span
            class="arrowButton FirstArrow"
          >
            &lt;&lt;
          </span>
          <span
            class="arrowButton"
          >
            &lt;
          </span>
          <ul
            class="PaginationList"
          >
            <li
              class="activeNumber"
            >
              <span
                class="numberButton"
              >
                1
              </span>
            </li>
          </ul>
          <span
            class="arrowButton"
          >
            &gt;
          </span>
          <span
            class="arrowButton LastArrow"
          >
            &gt;&gt;
          </span>
        </div>
      </div>
    </div>
  </div>,
  "debug": [Function],
  "findAllByAltText": [Function],
  "findAllByDisplayValue": [Function],
  "findAllByLabelText": [Function],
  "findAllByPlaceholderText": [Function],
  "findAllByRole": [Function],
  "findAllByTestId": [Function],
  "findAllByText": [Function],
  "findAllByTitle": [Function],
  "findByAltText": [Function],
  "findByDisplayValue": [Function],
  "findByLabelText": [Function],
  "findByPlaceholderText": [Function],
  "findByRole": [Function],
  "findByTestId": [Function],
  "findByText": [Function],
  "findByTitle": [Function],
  "getAllByAltText": [Function],
  "getAllByDisplayValue": [Function],
  "getAllByLabelText": [Function],
  "getAllByPlaceholderText": [Function],
  "getAllByRole": [Function],
  "getAllByTestId": [Function],
  "getAllByText": [Function],
  "getAllByTitle": [Function],
  "getByAltText": [Function],
  "getByDisplayValue": [Function],
  "getByLabelText": [Function],
  "getByPlaceholderText": [Function],
  "getByRole": [Function],
  "getByTestId": [Function],
  "getByText": [Function],
  "getByTitle": [Function],
  "queryAllByAltText": [Function],
  "queryAllByDisplayValue": [Function],
  "queryAllByLabelText": [Function],
  "queryAllByPlaceholderText": [Function],
  "queryAllByRole": [Function],
  "queryAllByTestId": [Function],
  "queryAllByText": [Function],
  "queryAllByTitle": [Function],
  "queryByAltText": [Function],
  "queryByDisplayValue": [Function],
  "queryByLabelText": [Function],
  "queryByPlaceholderText": [Function],
  "queryByRole": [Function],
  "queryByTestId": [Function],
  "queryByText": [Function],
  "queryByTitle": [Function],
  "rerender": [Function],
  "unmount": [Function],
}
`;
